<html>
<body>
<pre>
<h1>µVision Build Log</h1>
<h2>Project:</h2>
C:\Users\DIVYA\OneDrive\Desktop\v25he6k3_arm\MAJOR\ESP01.uvproj
Project File Date:  06/06/2026

<h2>Output:</h2>
Rebuild target 'Target 1'
assembling Startup.s...
compiling main.c...
compiling uart0.c...
compiling delay.c...
compiling esp01.c...
compiling ADC.C...
compiling lcd.c...
compiling rtc.c...
rtc.c(84): warning:  #1-D: last line of file ends without a newline
   
rtc.c: 1 warning, 0 errors
linking...
Program Size: Code=7628 RO-data=32 RW-data=220 ZI-data=1260  
FromELF: creating hex file...
".\major_projectk3.axf" - 0 Error(s), 1 Warning(s).
